<html>
<body>
<pre>
<h1>µVision Build Log</h1>
<h2>Tool Versions:</h2>
IDE-Version: ¦ÌVision V5.21.1.0
Copyright (C) 2016 ARM Ltd and ARM Germany GmbH. All rights reserved.
License Information: yhc yhc, yhc, LIC=03C6R-KB579-X7MRZ-JFIMX-BTK58-M43FT
 
Tool Versions:
Toolchain:       MDK-ARM Plus  Version: 5.21a
Toolchain Path:  C:\Keil_v5\ARM\ARMCC\Bin
C Compiler:      Armcc.exe V5.06 update 3 (build 300)
Assembler:       Armasm.exe V5.06 update 3 (build 300)
Linker/Locator:  ArmLink.exe V5.06 update 3 (build 300)
Library Manager: ArmAr.exe V5.06 update 3 (build 300)
Hex Converter:   FromElf.exe V5.06 update 3 (build 300)
CPU DLL:         SARMCM3.DLL V5.21a
Dialog DLL:      DARMSTM.dll V1.66.0.1
Target DLL:      UL2CM3.DLL V1.158.5.0
Dialog DLL:      TARMSTM.DLL V1.65.0.0
 
<h2>Project:</h2>
D:\STM32\RTOS_Learn\exp4\project\LinkTable.uvprojx
Project File Date:  06/03/2025

<h2>Output:</h2>
*** Using Compiler 'V5.06 update 3 (build 300)', folder: 'C:\Keil_v5\ARM\ARMCC\Bin'
Rebuild target 'Target 1'
assembling startup_stm32f10x_hd.s...
compiling portmarco.c...
..\freertos\include\FreeRTOSConfig.h(19): warning:  #1-D: last line of file ends without a newline
  #endif
..\freertos\source\portmarco.c(44): warning:  #1-D: last line of file ends without a newline
  }
..\freertos\source\portmarco.c: 2 warnings, 0 errors
compiling list.c...
..\freertos\include\FreeRTOSConfig.h(19): warning:  #1-D: last line of file ends without a newline
  #endif
..\freertos\include\list.h(67): warning:  #1-D: last line of file ends without a newline
  #endif
..\freertos\source\list.c: 2 warnings, 0 errors
compiling main.c...
..\freertos\include\FreeRTOSConfig.h(19): warning:  #1-D: last line of file ends without a newline
  #endif
..\freertos\include\list.h(67): warning:  #1-D: last line of file ends without a newline
  #endif
..\freertos\include\task.h(126): warning:  #1-D: last line of file ends without a newline
  #endif
..\user\main.c(93): warning:  #111-D: statement is unreachable
  	return 0;
..\user\main.c: 4 warnings, 0 errors
compiling task.c...
..\freertos\include\FreeRTOSConfig.h(19): warning:  #1-D: last line of file ends without a newline
  #endif
..\freertos\include\list.h(67): warning:  #1-D: last line of file ends without a newline
  #endif
..\freertos\include\task.h(126): warning:  #1-D: last line of file ends without a newline
  #endif
..\freertos\source\task.c(421): warning:  #1-D: last line of file ends without a newline
  }
..\freertos\source\task.c: 4 warnings, 0 errors
compiling system_stm32f10x.c...
linking...
Program Size: Code=1940 RO-data=336 RW-data=20 ZI-data=5204  
".\Objects\LinkTable.axf" - 0 Error(s), 12 Warning(s).

<h2>Software Packages used:</h2>

Package Vendor: ARM
                http://www.keil.com/pack/ARM.CMSIS.4.5.0.pack
                ARM::CMSIS:CORE:4.3.0
                CMSIS (Cortex Microcontroller Software Interface Standard)
   * Component: CORE Version: 4.3.0

Package Vendor: Keil
                http://www.keil.com/pack/Keil.STM32F1xx_DFP.2.2.0.pack
                Keil::Device:Startup:1.0.0
                STMicroelectronics STM32F1 Series Device Support, Drivers and Examples
   * Component: Startup Version: 1.0.0

<h2>Collection of Component include folders:</h2>
  D:\STM32\RTOS_Learn\exp4\project\RTE
  D:\STM32\RTOS_Learn\exp4\project\RTE\Device\STM32F103ZE
  C:\Keil_v5\ARM\PACK\ARM\CMSIS\4.5.0\CMSIS\Include
  C:\Keil_v5\ARM\PACK\Keil\STM32F1xx_DFP\2.2.0\Device\Include

<h2>Collection of Component Files used:</h2>

   * Component: ARM::CMSIS:CORE:4.3.0

   * Component: Keil::Device:Startup:1.0.0
      Source file:   Device\Source\ARM\STM32F1xx_OPT.s
      Source file:   Device\Source\ARM\startup_stm32f10x_hd.s
      Include file:  RTE_Driver\Config\RTE_Device.h
      Source file:   Device\Source\system_stm32f10x.c
Build Time Elapsed:  00:00:01
</pre>
</body>
</html>
